Resource Usage Report
Part: lfd2nx_40-7

Register bits: 3853 of 32256 (12%)
PIC Latch:       0
I/O cells:       19

Details:
BB:             16
BFD1P3KX:       16
CCU2:           578
DCC:            1
DP16K:          34
FD1P3BX:        47
FD1P3DX:        1400
FD1P3IX:        2360
FD1P3JX:        45
GSR:            1
IB:             2
IFD1P3BX:       1
INV:            50
JTAGH19:        1
LUT4:           5884
MULT18X18:      2
MULT18X36:      2
OB:             1
OSCA:           1
PDPSC16K:       4
PLL:            1
VHI:            139
VLO:            139
WIDEFN9:        301

Resource Usage inside macros:
Registers: 0
LUTs: 0
EBRs: 0
LRAMs: 0
DSPs: 0
Distributed RAMs: 0
Carry Chains: 0
Blackboxes: 0

Mapping Summary:
Total number of registers: 3853 + 0 = 3853 of 32256 (11.95%)
Total number of LUTs: 5884 + 0 = 5884 
Total number of EBRs: 38 + 0 = 38 of 84 (45.24%)
Total number of LRAMs: 0 + 0 = 0 of 2 (0.00%)
Total number of DSPs: 4 + 0 = 4 of 56 (7.14%)
Total number of Distributed RAMs: 0 + 0 = 0 
Total number of Carry Chains: 578 + 0 = 578 
Total number of BlackBoxes: 283 + 0 = 283 
